
   FAIL  Tests\Feature\DashboardTest
  Γ¿» dashboardΓÇª 0.50s  
  ΓöÇΓöÇΓöÇΓöÇΓöÇΓöÇΓöÇΓöÇΓöÇΓöÇΓöÇΓöÇΓöÇΓöÇΓöÇΓöÇΓöÇΓöÇ  
   FAILED  Tests\FΓÇª   
  Expected response status code [200] but received 403.
Failed asserting that 403 is identical to 200.

  at tests\Feature\DashboardTest.php:33
     29Γûò         $response = $this->get('/admin');
     30Γûò 
     31Γûò         Log::info('Test: Request finished with status ' . $response->status());
     32Γûò 
  Γ₧£  33Γûò         $response->assertStatus(200);
     34Γûò     }
     35Γûò }
     36Γûò


  Tests:    1 failed (1 assertions)
  Duration: 0.75s

